In file included from src/DataFormats/SiStripCluster/interface/SiStripHitsDeviceCollection.h:8,
                 from src/RecoLocalTracker/SubCollectionProducers/plugins/alpaka/taylorTrackClusterRemoverPhase2.cc:33:
/cvmfs/cms.cern.ch/el9_amd64_gcc13/cms/cmssw/CMSSW_16_1_1/src/DataFormats/Portable/interface/PortableDeviceCollection.h:63:72: error: 'blocksNumber' is not a member of 'SiStripHitsMaskingLayout<>'
   63 |     requires requires { Layout::blocksNumber; } && (sizeof...(Ints) == static_cast<std::size_t>(Layout::blocksNumber))
      |                                                                        ^~~~~~~~~~~~~~~~~~~~~~~~~~~~~~~~~~~~~~~~~~~~~~
/cvmfs/cms.cern.ch/el9_amd64_gcc13/cms/cmssw/CMSSW_16_1_1/src/DataFormats/Portable/interface/PortableDeviceCollection.h:70:72: error: 'blocksNumber' is not a member of 'SiStripHitsMaskingLayout<>'
   70 |     requires requires { Layout::blocksNumber; } && (sizeof...(Ints) == static_cast<std::size_t>(Layout::blocksNumber))
      |                                                                        ^~~~~~~~~~~~~~~~~~~~~~~~~~~~~~~~~~~~~~~~~~~~~~
/cvmfs/cms.cern.ch/el9_amd64_gcc13/cms/cmssw/CMSSW_16_1_1/src/DataFormats/Portable/interface/PortableDeviceCollection.h:76:58: error: 'blocksNumber' is not a member of 'SiStripHitsMaskingLayout<>'
   76 |     requires requires { Layout::blocksNumber; } && (N == static_cast<std::size_t>(Layout::blocksNumber))
      |                                                          ^~~~~~~~~~~~~~~~~~~~~~~~~~~~~~~~~~~~~~~~~~~~~~
/cvmfs/cms.cern.ch/el9_amd64_gcc13/cms/cmssw/CMSSW_16_1_1/src/DataFormats/Portable/interface/PortableDeviceCollection.h:88:58: error: 'blocksNumber' is not a member of 'SiStripHitsMaskingLayout<>'
   88 |     requires requires { Layout::blocksNumber; } && (N == static_cast<std::size_t>(Layout::blocksNumber))
      |                                                          ^~~~~~~~~~~~~~~~~~~~~~~~~~~~~~~~~~~~~~~~~~~~~~
src/RecoLocalTracker/SubCollectionProducers/plugins/alpaka/taylorTrackClusterRemoverPhase2.cc:93:87: error: class template argument deduction failed:
   93 |                 SiStripHitsMaskingDevice deviceProductSiStripHits{queue, stripHitsSize};
      |                                                                                       ^
src/RecoLocalTracker/SubCollectionProducers/plugins/alpaka/taylorTrackClusterRemoverPhase2.cc:93:87: error: no matching function for call to 'PortableDeviceCollection(alpaka::uniform_cuda_hip::detail::QueueUniformCudaHipRt<alpaka::ApiCudaRt, false>&, int32_t&)'
/cvmfs/cms.cern.ch/el9_amd64_gcc13/cms/cmssw/CMSSW_16_1_1/src/DataFormats/Portable/interface/PortableDeviceCollection.h:21:7: note: candidate: 'template<class TDev> PortableDeviceCollection(PortableDeviceCollection<TDev, SiStripHitsMaskingLayout<> >)-> PortableDeviceCollection<TDev, SiStripHitsMaskingLayout<> >'
   21 | class PortableDeviceCollection {
      |       ^~~~~~~~~~~~~~~~~~~~~~~~
/cvmfs/cms.cern.ch/el9_amd64_gcc13/cms/cmssw/CMSSW_16_1_1/src/DataFormats/Portable/interface/PortableDeviceCollection.h:21:7: note:   template argument deduction/substitution failed:
src/RecoLocalTracker/SubCollectionProducers/plugins/alpaka/taylorTrackClusterRemoverPhase2.cc:93:87: note:   'alpaka::uniform_cuda_hip::detail::QueueUniformCudaHipRt<alpaka::ApiCudaRt, false>' is not derived from 'PortableDeviceCollection<TDev, SiStripHitsMaskingLayout<> >'
   93 |                 SiStripHitsMaskingDevice deviceProductSiStripHits{queue, stripHitsSize};
      |                                                                                       ^
/cvmfs/cms.cern.ch/el9_amd64_gcc13/cms/cmssw/CMSSW_16_1_1/src/DataFormats/Portable/interface/PortableDeviceCollection.h:34:3: note: candidate: 'template<class TDev> PortableDeviceCollection()-> PortableDeviceCollection<TDev, SiStripHitsMaskingLayout<> >'
   34 |   PortableDeviceCollection() = delete;
      |   ^~~~~~~~~~~~~~~~~~~~~~~~
/cvmfs/cms.cern.ch/el9_amd64_gcc13/cms/cmssw/CMSSW_16_1_1/src/DataFormats/Portable/interface/PortableDeviceCollection.h:34:3: note:   template argument deduction/substitution failed:
src/RecoLocalTracker/SubCollectionProducers/plugins/alpaka/taylorTrackClusterRemoverPhase2.cc:93:87: note:   candidate expects 0 arguments, 2 provided
   93 |                 SiStripHitsMaskingDevice deviceProductSiStripHits{queue, stripHitsSize};
      |                                                                                       ^
/cvmfs/cms.cern.ch/el9_amd64_gcc13/cms/cmssw/CMSSW_16_1_1/src/DataFormats/Portable/interface/PortableDeviceCollection.h:36:12: note: candidate: 'template<class TDev> PortableDeviceCollection(edm::Uninitialized)-> PortableDeviceCollection<TDev, SiStripHitsMaskingLayout<> >'
   36 |   explicit PortableDeviceCollection(edm::Uninitialized) noexcept {}
      |            ^~~~~~~~~~~~~~~~~~~~~~~~
/cvmfs/cms.cern.ch/el9_amd64_gcc13/cms/cmssw/CMSSW_16_1_1/src/DataFormats/Portable/interface/PortableDeviceCollection.h:36:12: note:   template argument deduction/substitution failed:
src/RecoLocalTracker/SubCollectionProducers/plugins/alpaka/taylorTrackClusterRemoverPhase2.cc:93:87: note:   candidate expects 1 argument, 2 provided
   93 |                 SiStripHitsMaskingDevice deviceProductSiStripHits{queue, stripHitsSize};
      |                                                                                       ^
/cvmfs/cms.cern.ch/el9_amd64_gcc13/cms/cmssw/CMSSW_16_1_1/src/DataFormats/Portable/interface/PortableDeviceCollection.h:39:3: note: candidate: 'template<class TDev, class Int>  requires  integral<Int> PortableDeviceCollection(const TDev&, Int)-> PortableDeviceCollection<TDev, SiStripHitsMaskingLayout<> > requires ! false'
   39 |   PortableDeviceCollection(TDev const& device, const Int size)
      |   ^~~~~~~~~~~~~~~~~~~~~~~~
/cvmfs/cms.cern.ch/el9_amd64_gcc13/cms/cmssw/CMSSW_16_1_1/src/DataFormats/Portable/interface/PortableDeviceCollection.h:39:3: note:   template argument deduction/substitution failed:
/cvmfs/cms.cern.ch/el9_amd64_gcc13/cms/cmssw/CMSSW_16_1_1/src/DataFormats/Portable/interface/PortableDeviceCollection.h: In substitution of 'template<class TDev, class Int>  requires  integral<Int> PortableDeviceCollection(const TDev&, Int)-> PortableDeviceCollection<TDev, SiStripHitsMaskingLayout<> > requires ! false [with TDev = alpaka::uniform_cuda_hip::detail::QueueUniformCudaHipRt<alpaka::ApiCudaRt, false>; Int = int]':
src/RecoLocalTracker/SubCollectionProducers/plugins/alpaka/taylorTrackClusterRemoverPhase2.cc:93:73:   required from here
/cvmfs/cms.cern.ch/el9_amd64_gcc13/cms/cmssw/CMSSW_16_1_1/src/DataFormats/Portable/interface/PortableDeviceCollection.h:39:3: error: no type named 'type' in 'struct std::enable_if<false, void>'
/cvmfs/cms.cern.ch/el9_amd64_gcc13/cms/cmssw/CMSSW_16_1_1/src/DataFormats/Portable/interface/PortableDeviceCollection.h:51:3: note: candidate: 'template<class TDev, class TQueue, class Int>  requires (integral<Int>) && ((isQueue<TQueue>) && !false) PortableDeviceCollection(const TQueue&, Int)-> PortableDeviceCollection<TDev, SiStripHitsMaskingLayout<> >'
   51 |   PortableDeviceCollection(TQueue const& queue, const Int size)
      |   ^~~~~~~~~~~~~~~~~~~~~~~~
/cvmfs/cms.cern.ch/el9_amd64_gcc13/cms/cmssw/CMSSW_16_1_1/src/DataFormats/Portable/interface/PortableDeviceCollection.h:51:3: note:   template argument deduction/substitution failed:
src/RecoLocalTracker/SubCollectionProducers/plugins/alpaka/taylorTrackClusterRemoverPhase2.cc:93:87: note:   couldn't deduce template parameter 'TDev'
   93 |                 SiStripHitsMaskingDevice deviceProductSiStripHits{queue, stripHitsSize};
      |                                                                                       ^
/cvmfs/cms.cern.ch/el9_amd64_gcc13/cms/cmssw/CMSSW_16_1_1/src/DataFormats/Portable/interface/PortableDeviceCollection.h:62:12: note: candidate: 'template<class TDev, class ... Ints>  requires (... && integral<Ints>) PortableDeviceCollection(const TDev&, const Ints ...)-> PortableDeviceCollection<TDev, SiStripHitsMaskingLayout<> > requires  <erroneous-expression>'
   62 |   explicit PortableDeviceCollection(TDev const& device, const Ints... sizes)
      |            ^~~~~~~~~~~~~~~~~~~~~~~~
/cvmfs/cms.cern.ch/el9_amd64_gcc13/cms/cmssw/CMSSW_16_1_1/src/DataFormats/Portable/interface/PortableDeviceCollection.h:62:12: note:   template argument deduction/substitution failed:
/cvmfs/cms.cern.ch/el9_amd64_gcc13/cms/cmssw/CMSSW_16_1_1/src/DataFormats/Portable/interface/PortableDeviceCollection.h:62:12: note: constraints not satisfied
/cvmfs/cms.cern.ch/el9_amd64_gcc13/cms/cmssw/CMSSW_16_1_1/src/DataFormats/Portable/interface/PortableDeviceCollection.h:69:12: note: candidate: 'template<class TDev, class TQueue, class ... Ints>  requires ((... && integral<Ints>)) && (isQueue<TQueue>) PortableDeviceCollection(const TQueue&, const Ints ...)-> PortableDeviceCollection<TDev, SiStripHitsMaskingLayout<> > requires  <erroneous-expression>'
   69 |   explicit PortableDeviceCollection(TQueue const& queue, const Ints... sizes)
      |            ^~~~~~~~~~~~~~~~~~~~~~~~
/cvmfs/cms.cern.ch/el9_amd64_gcc13/cms/cmssw/CMSSW_16_1_1/src/DataFormats/Portable/interface/PortableDeviceCollection.h:69:12: note:   template argument deduction/substitution failed:
src/RecoLocalTracker/SubCollectionProducers/plugins/alpaka/taylorTrackClusterRemoverPhase2.cc:93:87: note:   couldn't deduce template parameter 'TDev'
   93 |                 SiStripHitsMaskingDevice deviceProductSiStripHits{queue, stripHitsSize};
      |                                                                                       ^
/cvmfs/cms.cern.ch/el9_amd64_gcc13/cms/cmssw/CMSSW_16_1_1/src/DataFormats/Portable/interface/PortableDeviceCollection.h:75:12: note: candidate: 'template<class TDev, long unsigned int N> PortableDeviceCollection(const TDev&, const std::array<int, N>&)-> PortableDeviceCollection<TDev, SiStripHitsMaskingLayout<> > requires  <erroneous-expression>'
   75 |   explicit PortableDeviceCollection(TDev const& device, std::array<int32_t, N> const& sizes)
      |            ^~~~~~~~~~~~~~~~~~~~~~~~
/cvmfs/cms.cern.ch/el9_amd64_gcc13/cms/cmssw/CMSSW_16_1_1/src/DataFormats/Portable/interface/PortableDeviceCollection.h:75:12: note:   template argument deduction/substitution failed:
src/RecoLocalTracker/SubCollectionProducers/plugins/alpaka/taylorTrackClusterRemoverPhase2.cc:93:87: note:   mismatched types 'const std::array<int, N>' and 'int32_t' {aka 'int'}
   93 |                 SiStripHitsMaskingDevice deviceProductSiStripHits{queue, stripHitsSize};
      |                                                                                       ^
/cvmfs/cms.cern.ch/el9_amd64_gcc13/cms/cmssw/CMSSW_16_1_1/src/DataFormats/Portable/interface/PortableDeviceCollection.h:87:12: note: candidate: 'template<class TDev, class TQueue, long unsigned int N>  requires  isQueue<TQueue> PortableDeviceCollection(const TQueue&, const std::array<int, N>&)-> PortableDeviceCollection<TDev, SiStripHitsMaskingLayout<> > requires  <erroneous-expression>'
   87 |   explicit PortableDeviceCollection(TQueue const& queue, std::array<int32_t, N> const& sizes)
      |            ^~~~~~~~~~~~~~~~~~~~~~~~
/cvmfs/cms.cern.ch/el9_amd64_gcc13/cms/cmssw/CMSSW_16_1_1/src/DataFormats/Portable/interface/PortableDeviceCollection.h:87:12: note:   template argument deduction/substitution failed:
src/RecoLocalTracker/SubCollectionProducers/plugins/alpaka/taylorTrackClusterRemoverPhase2.cc:93:87: note:   mismatched types 'const std::array<int, N>' and 'int32_t' {aka 'int'}
   93 |                 SiStripHitsMaskingDevice deviceProductSiStripHits{queue, stripHitsSize};
      |                                                                                       ^
/cvmfs/cms.cern.ch/el9_amd64_gcc13/cms/cmssw/CMSSW_16_1_1/src/DataFormats/Portable/interface/PortableDeviceCollection.h:97:3: note: candidate: 'template<class TDev> PortableDeviceCollection(const PortableDeviceCollection<TDev, SiStripHitsMaskingLayout<> >&)-> PortableDeviceCollection<TDev, SiStripHitsMaskingLayout<> >'
   97 |   PortableDeviceCollection(PortableDeviceCollection const&) = delete;
      |   ^~~~~~~~~~~~~~~~~~~~~~~~
/cvmfs/cms.cern.ch/el9_amd64_gcc13/cms/cmssw/CMSSW_16_1_1/src/DataFormats/Portable/interface/PortableDeviceCollection.h:97:3: note:   template argument deduction/substitution failed:
src/RecoLocalTracker/SubCollectionProducers/plugins/alpaka/taylorTrackClusterRemoverPhase2.cc:93:87: note:   'alpaka::uniform_cuda_hip::detail::QueueUniformCudaHipRt<alpaka::ApiCudaRt, false>' is not derived from 'const PortableDeviceCollection<TDev, SiStripHitsMaskingLayout<> >'
   93 |                 SiStripHitsMaskingDevice deviceProductSiStripHits{queue, stripHitsSize};
      |                                                                                       ^
/cvmfs/cms.cern.ch/el9_amd64_gcc13/cms/cmssw/CMSSW_16_1_1/src/DataFormats/Portable/interface/PortableDeviceCollection.h:101:3: note: candidate: 'template<class TDev> PortableDeviceCollection(PortableDeviceCollection<TDev, SiStripHitsMaskingLayout<> >&&)-> PortableDeviceCollection<TDev, SiStripHitsMaskingLayout<> >'
  101 |   PortableDeviceCollection(PortableDeviceCollection&&) = default;
      |   ^~~~~~~~~~~~~~~~~~~~~~~~
/cvmfs/cms.cern.ch/el9_amd64_gcc13/cms/cmssw/CMSSW_16_1_1/src/DataFormats/Portable/interface/PortableDeviceCollection.h:101:3: note:   template argument deduction/substitution failed:
src/RecoLocalTracker/SubCollectionProducers/plugins/alpaka/taylorTrackClusterRemoverPhase2.cc:93:87: note:   'alpaka::uniform_cuda_hip::detail::QueueUniformCudaHipRt<alpaka::ApiCudaRt, false>' is not derived from 'PortableDeviceCollection<TDev, SiStripHitsMaskingLayout<> >'
   93 |                 SiStripHitsMaskingDevice deviceProductSiStripHits{queue, stripHitsSize};
      |                                                                                       ^

